// Jest Snapshot v1, https://goo.gl/fbAQLP

exports[`renders learn react link 1`] = `
<ul
  data-testid="list"
>
  <li>
    张三
  </li>
  <li>
    李四
  </li>
  <li>
    王武
  </li>
</ul>
`;
